// Jest Snapshot v1, https://goo.gl/fbAQLP

exports[`getData Верное значение 1`] = `
Array [
  "1",
  "2",
  "3",
  "4",
]
`;
